cmake : no such file or directory
No linha:1 caractere:45
+ ... LionProjects\trabalh_m1; cmake --build cmake-build-debug 2>&1 | Out-F ...
+                              ~~~~~~~~~~~~~~~~~~~~~~~~~~~~~~~~~~~~
    + CategoryInfo          : NotSpecified: (no such file or directory:String) [], RemoteException
    + FullyQualifiedErrorId : NativeCommandError
 
CMake Error: Generator: build tool execution failed, command was: 
